\BOOKMARK [0][-]{chapter*.1}{\376\377\004\036\004\077\004\100\004\065\004\064\004\065\004\073\004\065\004\075\004\070\004\117\000,\000\040\004\076\004\061\004\076\004\067\004\075\004\060\004\107\004\065\004\075\004\070\004\117\000\040\004\070\000\040\004\101\004\076\004\072\004\100\004\060\004\111\004\065\004\075\004\070\004\117}{}% 1
\BOOKMARK [0][-]{chapter*.2}{\376\377\004\022\004\062\004\065\004\064\004\065\004\075\004\070\004\065}{}% 2
\BOOKMARK [0][-]{chapter.1}{\376\377\004\020\004\075\004\060\004\073\004\070\004\067\000\040\004\077\004\100\004\065\004\064\004\074\004\065\004\102\004\075\004\076\004\071\000\040\004\076\004\061\004\073\004\060\004\101\004\102\004\070\000\040\004\070\000\040\004\101\004\103\004\111\004\065\004\101\004\102\004\062\004\103\004\116\004\111\004\070\004\105\000\040\004\100\004\065\004\110\004\065\004\075\004\070\004\071}{}% 3
\BOOKMARK [1][-]{section.1.1}{\376\377\004\021\004\070\004\076\004\073\004\076\004\063\004\070\004\107\004\065\004\101\004\072\004\070\004\065\000\040\004\077\004\076\004\101\004\073\004\065\004\064\004\076\004\062\004\060\004\102\004\065\004\073\004\114\004\075\004\076\004\101\004\102\004\070\000\040\004\072\004\060\004\072\000\040\004\076\004\061\004\112\004\065\004\072\004\102\000\040\004\101\004\076\004\075\004\070\004\104\004\070\004\072\004\060\004\106\004\070\004\070}{chapter.1}% 4
\BOOKMARK [2][-]{subsection.1.1.1}{\376\377\004\037\004\076\004\107\004\065\004\074\004\103\000\040\004\074\004\103\004\067\004\113\004\072\004\060\000\040\004\077\004\076\004\064\004\105\004\076\004\064\004\070\004\102\000\040\004\064\004\073\004\117\000\040\004\077\004\100\004\065\004\064\004\101\004\102\004\060\004\062\004\073\004\065\004\075\004\070\004\117\000\040\004\061\004\070\004\076\004\073\004\076\004\063\004\070\004\107\004\065\004\101\004\072\004\070\004\105\000\040\004\064\004\060\004\075\004\075\004\113\004\105}{section.1.1}% 5
\BOOKMARK [2][-]{subsection.1.1.2}{\376\377\004\036\004\063\004\100\004\060\004\075\004\070\004\107\004\065\004\075\004\070\004\117\000\040\004\074\004\103\004\067\004\113\004\072\004\060\004\073\004\114\004\075\004\076\004\071\000\040\004\070\004\075\004\102\004\065\004\100\004\077\004\100\004\065\004\102\004\060\004\106\004\070\004\070}{section.1.1}% 6
\BOOKMARK [1][-]{section.1.2}{\376\377\004\030\004\075\004\104\004\076\004\100\004\074\004\060\004\106\004\070\004\076\004\075\004\075\004\076\000-\004\102\004\065\004\076\004\100\004\065\004\102\004\070\004\107\004\065\004\101\004\072\004\076\004\065\000\040\004\076\004\061\004\076\004\101\004\075\004\076\004\062\004\060\004\075\004\070\004\065}{chapter.1}% 7
\BOOKMARK [1][-]{section.1.3}{\376\377\004\036\004\061\004\067\004\076\004\100\000\040\004\101\004\103\004\111\004\065\004\101\004\102\004\062\004\103\004\116\004\111\004\070\004\105\000\040\004\077\004\076\004\064\004\105\004\076\004\064\004\076\004\062\000\040\004\072\000\040\004\061\004\070\004\076\004\101\004\076\004\075\004\070\004\104\004\070\004\072\004\060\004\106\004\070\004\070}{chapter.1}% 8
\BOOKMARK [2][-]{subsection.1.3.1}{\376\377\004\037\004\100\004\117\004\074\004\076\004\065\000\040\004\076\004\102\004\076\004\061\004\100\004\060\004\066\004\065\004\075\004\070\004\065\000\040\004\101\004\070\004\074\004\062\004\076\004\073\004\076\004\062}{section.1.3}% 9
\BOOKMARK [2][-]{subsection.1.3.2}{\376\377\004\020\004\073\004\063\004\076\004\100\004\070\004\102\004\074\004\070\004\107\004\065\004\101\004\072\004\060\004\117\000\040\004\072\004\076\004\074\004\077\004\076\004\067\004\070\004\106\004\070\004\117}{section.1.3}% 10
\BOOKMARK [2][-]{subsection.1.3.3}{\376\377\004\023\004\065\004\075\004\065\004\100\004\060\004\102\004\070\004\062\004\075\004\113\004\065\000\040\004\074\004\076\004\064\004\065\004\073\004\070\000\040\004\061\004\065\004\067\000\040\004\101\004\102\004\100\004\103\004\072\004\102\004\103\004\100\004\075\004\076\004\063\004\076\000\040\004\100\004\060\004\067\004\064\004\065\004\073\004\065\004\075\004\070\004\117}{section.1.3}% 11
\BOOKMARK [1][-]{section.1.4}{\376\377\004\036\004\061\004\067\004\076\004\100\000\040\004\074\004\065\004\102\004\076\004\064\004\076\004\062\000\040\004\063\004\065\004\075\004\065\004\100\004\060\004\106\004\070\004\070\000\040\004\101\004\070\004\074\004\062\004\076\004\073\004\070\004\107\004\065\004\101\004\072\004\076\004\071\000\040\004\074\004\103\004\067\004\113\004\072\004\070}{chapter.1}% 12
\BOOKMARK [2][-]{subsection.1.4.1}{\376\377\004\040\004\065\004\072\004\103\004\100\004\100\004\065\004\075\004\102\004\075\004\113\004\065\000\040\004\075\004\065\004\071\004\100\004\076\004\075\004\075\004\113\004\065\000\040\004\101\004\065\004\102\004\070}{section.1.4}% 13
\BOOKMARK [2][-]{subsection.1.4.2}{\376\377\004\022\004\060\004\100\004\070\004\060\004\106\004\070\004\076\004\075\004\075\004\113\004\065\000\040\004\060\004\062\004\102\004\076\004\115\004\075\004\072\004\076\004\064\004\065\004\100\004\113}{section.1.4}% 14
\BOOKMARK [2][-]{subsection.1.4.3}{\376\377\004\023\004\065\004\075\004\065\004\100\004\060\004\102\004\070\004\062\004\075\004\076\000-\004\101\004\076\004\101\004\102\004\117\004\067\004\060\004\102\004\065\004\073\004\114\004\075\004\113\004\065\000\040\004\101\004\065\004\102\004\070}{section.1.4}% 15
\BOOKMARK [2][-]{subsection.1.4.4}{\376\377\004\042\004\100\004\060\004\075\004\101\004\104\004\076\004\100\004\074\004\065\004\100\004\113}{section.1.4}% 16
\BOOKMARK [1][-]{section.1.5}{\376\377\004\041\004\100\004\060\004\062\004\075\004\065\004\075\004\070\004\065\000\040\004\101\004\103\004\111\004\065\004\101\004\102\004\062\004\103\004\116\004\111\004\070\004\105\000\040\004\100\004\065\004\110\004\065\004\075\004\070\004\071}{chapter.1}% 17
\BOOKMARK [1][-]{section.1.6}{\376\377\004\035\004\065\004\064\004\076\004\101\004\102\004\060\004\102\004\072\004\070\000\040\004\101\004\103\004\111\004\065\004\101\004\102\004\062\004\103\004\116\004\111\004\070\004\105\000\040\004\100\004\065\004\110\004\065\004\075\004\070\004\071}{chapter.1}% 18
\BOOKMARK [1][-]{section.1.7}{\376\377\004\037\004\076\004\101\004\102\004\060\004\075\004\076\004\062\004\072\004\060\000\040\004\067\004\060\004\064\004\060\004\107\004\070}{chapter.1}% 19
\BOOKMARK [0][-]{chapter.2}{\376\377\004\037\004\100\004\076\004\065\004\072\004\102\004\070\004\100\004\076\004\062\004\060\004\075\004\070\004\065\000\040\004\070\000\040\004\100\004\065\004\060\004\073\004\070\004\067\004\060\004\106\004\070\004\117\000\040\004\101\004\070\004\101\004\102\004\065\004\074\004\113}{}% 20
\BOOKMARK [1][-]{section.2.1}{\376\377\004\042\004\065\004\105\004\075\004\070\004\107\004\065\004\101\004\072\004\076\004\065\000\040\004\067\004\060\004\064\004\060\004\075\004\070\004\065}{chapter.2}% 21
\BOOKMARK [2][-]{subsection.2.1.1}{\376\377\004\035\004\060\004\067\004\075\004\060\004\107\004\065\004\075\004\070\004\065\000\040\004\100\004\060\004\067\004\100\004\060\004\061\004\076\004\102\004\072\004\070}{section.2.1}% 22
\BOOKMARK [2][-]{subsection.2.1.2}{\376\377\004\044\004\103\004\075\004\072\004\106\004\070\004\076\004\075\004\060\004\073\004\114\004\075\004\113\004\065\000\040\004\102\004\100\004\065\004\061\004\076\004\062\004\060\004\075\004\070\004\117}{section.2.1}% 23
\BOOKMARK [2][-]{subsection.2.1.3}{\376\377\004\035\004\065\004\104\004\103\004\075\004\072\004\106\004\070\004\076\004\075\004\060\004\073\004\114\004\075\004\113\004\065\000\040\004\102\004\100\004\065\004\061\004\076\004\062\004\060\004\075\004\070\004\117}{section.2.1}% 24
\BOOKMARK [1][-]{section.2.2}{\376\377\004\020\004\100\004\105\004\070\004\102\004\065\004\072\004\102\004\103\004\100\004\060\000\040\004\101\004\070\004\101\004\102\004\065\004\074\004\113}{chapter.2}% 25
\BOOKMARK [1][-]{section.2.3}{\376\377\004\024\004\060\004\075\004\075\004\113\004\065\000\040\004\070\000\040\004\100\004\060\004\067\004\061\004\070\004\065\004\075\004\070\004\065}{chapter.2}% 26
\BOOKMARK [1][-]{section.2.4}{\376\377\004\021\004\070\004\076\004\073\004\076\004\063\004\070\004\107\004\065\004\101\004\072\004\070\004\071\000\040\004\115\004\075\004\072\004\076\004\064\004\065\004\100}{chapter.2}% 27
\BOOKMARK [2][-]{subsection.2.4.1}{\376\377\004\037\004\076\004\064\004\064\004\065\004\100\004\066\004\070\004\062\004\060\004\065\004\074\004\113\004\065\000\040\004\102\004\070\004\077\004\113\000\040\004\077\004\076\004\101\004\073\004\065\004\064\004\076\004\062\004\060\004\102\004\065\004\073\004\114\004\075\004\076\004\101\004\102\004\065\004\071}{section.2.4}% 28
\BOOKMARK [2][-]{subsection.2.4.2}{\376\377\004\044\004\100\004\060\004\063\004\074\004\065\004\075\004\102\004\060\004\106\004\070\004\117}{section.2.4}% 29
\BOOKMARK [2][-]{subsection.2.4.3}{\376\377\004\030\004\067\004\062\004\073\004\065\004\072\004\060\004\065\004\074\004\113\004\065\000\040\004\077\004\100\004\070\004\067\004\075\004\060\004\072\004\070}{section.2.4}% 30
\BOOKMARK [2][-]{subsection.2.4.4}{\376\377\004\022\004\113\004\105\004\076\004\064\004\075\004\113\004\065\000\040\004\064\004\060\004\075\004\075\004\113\004\065}{section.2.4}% 31
\BOOKMARK [1][-]{section.2.5}{\376\377\004\034\004\103\004\067\004\113\004\072\004\060\004\073\004\114\004\075\004\076\004\065\000\040\004\077\004\100\004\065\004\064\004\101\004\102\004\060\004\062\004\073\004\065\004\075\004\070\004\065}{chapter.2}% 32
\BOOKMARK [2][-]{subsection.2.5.1}{\376\377\004\022\004\113\004\061\004\076\004\100\000\040\004\104\004\076\004\100\004\074\004\060\004\102\004\060\000\040\004\077\004\100\004\065\004\064\004\101\004\102\004\060\004\062\004\073\004\065\004\075\004\070\004\117}{section.2.5}% 33
\BOOKMARK [2][-]{subsection.2.5.2}{\376\377\004\041\004\102\004\100\004\103\004\072\004\102\004\103\004\100\004\113\000\040\004\064\004\060\004\075\004\075\004\113\004\105}{section.2.5}% 34
\BOOKMARK [2][-]{subsection.2.5.3}{\376\377\004\042\004\076\004\072\004\065\004\075\004\070\004\067\004\060\004\106\004\070\004\117}{section.2.5}% 35
\BOOKMARK [1][-]{section.2.6}{\376\377\000P\000a\000i\000r\000i\000n\000g\000\040\004\061\004\070\004\076\004\073\004\076\004\063\004\070\004\107\004\065\004\101\004\072\004\070\004\105\000\040\004\070\000\040\004\074\004\103\004\067\004\113\004\072\004\060\004\073\004\114\004\075\004\113\004\105\000\040\004\101\004\065\004\063\004\074\004\065\004\075\004\102\004\076\004\062}{chapter.2}% 36
\BOOKMARK [2][-]{subsection.2.6.1}{\376\377\004\034\004\103\004\067\004\113\004\072\004\060\004\073\004\114\004\075\004\113\004\065\000\040\004\064\004\065\004\101\004\072\004\100\004\070\004\077\004\102\004\076\004\100\004\113}{section.2.6}% 37
\BOOKMARK [2][-]{subsection.2.6.2}{\376\377\004\032\004\060\004\073\004\070\004\061\004\100\004\076\004\062\004\072\004\060}{section.2.6}% 38
\BOOKMARK [2][-]{subsection.2.6.3}{\376\377\000T\000o\000p\000-\000k\000\040\000m\000a\000t\000c\000h\000i\000n\000g}{section.2.6}% 39
\BOOKMARK [1][-]{section.2.7}{\376\377\004\035\004\065\004\071\004\100\004\076\004\101\004\065\004\102\004\065\004\062\004\060\004\117\000\040\004\074\004\076\004\064\004\065\004\073\004\114}{chapter.2}% 40
\BOOKMARK [2][-]{subsection.2.7.1}{\376\377\004\022\004\113\004\061\004\076\004\100\000\040\004\060\004\100\004\105\004\070\004\102\004\065\004\072\004\102\004\103\004\100\004\113}{section.2.7}% 41
\BOOKMARK [2][-]{subsection.2.7.2}{\376\377\004\020\004\100\004\105\004\070\004\102\004\065\004\072\004\102\004\103\004\100\004\060}{section.2.7}% 42
\BOOKMARK [2][-]{subsection.2.7.3}{\376\377\000B\000i\000o\000\040\000c\000o\000n\000d\000i\000t\000i\000o\000n\000i\000n\000g}{section.2.7}% 43
\BOOKMARK [2][-]{subsection.2.7.4}{\376\377\004\030\004\101\004\077\004\076\004\073\004\114\004\067\004\076\004\062\004\060\004\075\004\070\004\065\000\040\004\074\004\076\004\064\004\065\004\073\004\070}{section.2.7}% 44
\BOOKMARK [1][-]{section.2.8}{\376\377\004\037\004\100\004\076\004\106\004\065\004\101\004\101\000\040\004\076\004\061\004\103\004\107\004\065\004\075\004\070\004\117}{chapter.2}% 45
\BOOKMARK [2][-]{subsection.2.8.1}{\376\377\004\032\004\076\004\075\004\104\004\070\004\063\004\103\004\100\004\060\004\106\004\070\004\117}{section.2.8}% 46
\BOOKMARK [2][-]{subsection.2.8.2}{\376\377\004\037\004\060\004\100\004\060\004\074\004\065\004\102\004\100\004\113\000\040\004\062\004\113\004\061\004\076\004\100\004\072\004\070}{section.2.8}% 47
\BOOKMARK [2][-]{subsection.2.8.3}{\376\377\004\036\004\061\004\103\004\107\004\065\004\075\004\070\004\065\000\040\000h\000a\000r\000m\000o\000n\000y\000\040\000m\000o\000d\000e\000l}{section.2.8}% 48
\BOOKMARK [2][-]{subsection.2.8.4}{\376\377\004\036\004\061\004\103\004\107\004\065\004\075\004\070\004\065\000\040\000m\000e\000l\000o\000d\000y\000\040\000m\000o\000d\000e\000l}{section.2.8}% 49
\BOOKMARK [1][-]{section.2.9}{\376\377\004\040\004\065\004\060\004\073\004\070\004\067\004\060\004\106\004\070\004\117}{chapter.2}% 50
\BOOKMARK [0][-]{chapter.3}{\376\377\004\055\004\072\004\101\004\077\004\065\004\100\004\070\004\074\004\065\004\075\004\102\004\060\004\073\004\114\004\075\004\060\004\117\000\040\004\076\004\106\004\065\004\075\004\072\004\060\000\040\004\070\000\040\004\060\004\075\004\060\004\073\004\070\004\067\000\040\004\100\004\065\004\067\004\103\004\073\004\114\004\102\004\060\004\102\004\076\004\062}{}% 51
\BOOKMARK [1][-]{section.3.1}{\376\377\004\034\004\065\004\102\004\076\004\064\004\070\004\072\004\060\000\040\004\077\004\100\004\076\004\062\004\065\004\100\004\072\004\070}{chapter.3}% 52
\BOOKMARK [1][-]{section.3.2}{\376\377\004\034\004\065\004\102\004\100\004\070\004\072\004\070\000\040\004\076\004\106\004\065\004\075\004\072\004\070}{chapter.3}% 53
\BOOKMARK [2][-]{subsection.3.2.1}{\376\377\004\042\004\065\004\105\004\075\004\070\004\107\004\065\004\101\004\072\004\070\004\065\000\040\004\074\004\065\004\102\004\100\004\070\004\072\004\070}{section.3.2}% 54
\BOOKMARK [2][-]{subsection.3.2.2}{\376\377\000B\000a\000s\000e\000l\000i\000n\000e}{section.3.2}% 55
\BOOKMARK [2][-]{subsection.3.2.3}{\376\377\004\037\004\100\004\076\004\062\004\065\004\100\004\072\004\060\000\040\004\062\004\073\004\070\004\117\004\075\004\070\004\117\000\040\000b\000i\000o\000\040\000c\000o\000n\000d\000i\000t\000i\000o\000n\000i\000n\000g}{section.3.2}% 56
\BOOKMARK [1][-]{section.3.3}{\376\377\004\040\004\065\004\067\004\103\004\073\004\114\004\102\004\060\004\102\004\113\000\040\004\076\004\061\004\103\004\107\004\065\004\075\004\070\004\117}{chapter.3}% 57
\BOOKMARK [2][-]{subsection.3.3.1}{\376\377\004\024\004\070\004\075\004\060\004\074\004\070\004\072\004\060\000\040\000l\000o\000s\000s}{section.3.3}% 58
\BOOKMARK [2][-]{subsection.3.3.2}{\376\377\004\041\004\100\004\060\004\062\004\075\004\065\004\075\004\070\004\065\000\040\000l\000o\000s\000s}{section.3.3}% 59
\BOOKMARK [1][-]{section.3.4}{\376\377\004\040\004\065\004\067\004\103\004\073\004\114\004\102\004\060\004\102\004\113\000\040\004\063\004\065\004\075\004\065\004\100\004\060\004\106\004\070\004\070}{chapter.3}% 60
\BOOKMARK [2][-]{subsection.3.4.1}{\376\377\004\041\004\100\004\060\004\062\004\075\004\065\004\075\004\070\004\065\000\040\004\074\004\076\004\064\004\065\004\073\004\065\004\071\000\040\004\070\000\040\000b\000a\000s\000e\000l\000i\000n\000e}{section.3.4}% 61
\BOOKMARK [2][-]{subsection.3.4.2}{\376\377\004\030\004\075\004\102\004\065\004\100\004\077\004\100\004\065\004\102\004\060\004\106\004\070\004\117\000\040\004\100\004\065\004\067\004\103\004\073\004\114\004\102\004\060\004\102\004\076\004\062}{section.3.4}% 62
\BOOKMARK [1][-]{section.3.5}{\376\377\004\020\004\075\004\060\004\073\004\070\004\067\000\040\004\101\004\063\004\065\004\075\004\065\004\100\004\070\004\100\004\076\004\062\004\060\004\075\004\075\004\113\004\105\000\040\004\072\004\076\004\074\004\077\004\076\004\067\004\070\004\106\004\070\004\071}{chapter.3}% 63
\BOOKMARK [1][-]{section.3.6}{\376\377\004\036\004\063\004\100\004\060\004\075\004\070\004\107\004\065\004\075\004\070\004\117\000\040\004\100\004\060\004\067\004\100\004\060\004\061\004\076\004\102\004\060\004\075\004\075\004\076\004\063\004\076\000\040\004\100\004\065\004\110\004\065\004\075\004\070\004\117}{chapter.3}% 64
\BOOKMARK [2][-]{subsection.3.6.1}{\376\377\004\042\004\065\004\105\004\075\004\070\004\107\004\065\004\101\004\072\004\070\004\065\000\040\004\076\004\063\004\100\004\060\004\075\004\070\004\107\004\065\004\075\004\070\004\117}{section.3.6}% 65
\BOOKMARK [2][-]{subsection.3.6.2}{\376\377\004\034\004\065\004\102\004\076\004\064\004\076\004\073\004\076\004\063\004\070\004\107\004\065\004\101\004\072\004\070\004\065\000\040\004\076\004\063\004\100\004\060\004\075\004\070\004\107\004\065\004\075\004\070\004\117}{section.3.6}% 66
\BOOKMARK [2][-]{subsection.3.6.3}{\376\377\004\034\004\103\004\067\004\113\004\072\004\060\004\073\004\114\004\075\004\113\004\065\000\040\004\076\004\063\004\100\004\060\004\075\004\070\004\107\004\065\004\075\004\070\004\117}{section.3.6}% 67
\BOOKMARK [1][-]{section.3.7}{\376\377\004\036\004\106\004\065\004\075\004\072\004\060\000\040\004\064\004\076\004\101\004\102\004\076\004\062\004\065\004\100\004\075\004\076\004\101\004\102\004\070\000\040\004\100\004\065\004\067\004\103\004\073\004\114\004\102\004\060\004\102\004\076\004\062}{chapter.3}% 68
\BOOKMARK [2][-]{subsection.3.7.1}{\376\377\004\022\004\076\004\101\004\077\004\100\004\076\004\070\004\067\004\062\004\076\004\064\004\070\004\074\004\076\004\101\004\102\004\114}{section.3.7}% 69
\BOOKMARK [2][-]{subsection.3.7.2}{\376\377\004\022\004\060\004\073\004\070\004\064\004\075\004\076\004\101\004\102\004\114\000\040\004\074\004\065\004\102\004\100\004\070\004\072}{section.3.7}% 70
\BOOKMARK [2][-]{subsection.3.7.3}{\376\377\004\036\004\063\004\100\004\060\004\075\004\070\004\107\004\065\004\075\004\070\004\117\000\040\004\070\004\075\004\102\004\065\004\100\004\077\004\100\004\065\004\102\004\060\004\106\004\070\004\070}{section.3.7}% 71
\BOOKMARK [0][-]{chapter*.13}{\376\377\004\027\004\060\004\072\004\073\004\116\004\107\004\065\004\075\004\070\004\065}{}% 72
\BOOKMARK [0][-]{section*.14}{\376\377\004\041\004\077\004\070\004\101\004\076\004\072\000\040\004\070\004\101\004\077\004\076\004\073\004\114\004\067\004\076\004\062\004\060\004\075\004\075\004\113\004\105\000\040\004\070\004\101\004\102\004\076\004\107\004\075\004\070\004\072\004\076\004\062\000\040\004\070\000\040\004\073\004\070\004\102\004\065\004\100\004\060\004\102\004\103\004\100\004\113}{}% 73
\BOOKMARK [0][-]{appendix*.17}{\376\377\004\037\004\040\004\030\004\033\004\036\004\026\004\025\004\035\004\030\004\025\000\040\004\020\000.\000\040\004\036\004\077\004\070\004\101\004\060\004\075\004\070\004\065\000\040\004\077\004\100\004\076\004\063\004\100\004\060\004\074\004\074\004\113\000\040\004\070\000\040\004\100\004\103\004\072\004\076\004\062\004\076\004\064\004\101\004\102\004\062\004\060}{}% 74
\BOOKMARK [1][-]{section.Alph0.1}{\376\377\004\036\004\077\004\070\004\101\004\060\004\075\004\070\004\065\000\040\004\077\004\100\004\076\004\063\004\100\004\060\004\074\004\074\004\113}{appendix*.17}% 75
\BOOKMARK [1][-]{section.Alph0.2}{\376\377\004\040\004\103\004\072\004\076\004\062\004\076\004\064\004\101\004\102\004\062\004\076\000\040\004\077\004\076\004\073\004\114\004\067\004\076\004\062\004\060\004\102\004\065\004\073\004\117}{appendix*.17}% 76
\BOOKMARK [1][-]{section.Alph0.3}{\376\377\004\040\004\103\004\072\004\076\004\062\004\076\004\064\004\101\004\102\004\062\004\076\000\040\004\100\004\060\004\067\004\100\004\060\004\061\004\076\004\102\004\107\004\070\004\072\004\060}{appendix*.17}% 77
\BOOKMARK [1][-]{section.Alph0.4}{\376\377\004\024\004\076\004\077\004\076\004\073\004\075\004\070\004\102\004\065\004\073\004\114\004\075\004\113\004\065\000\040\004\115\004\072\004\101\004\077\004\065\004\100\004\070\004\074\004\065\004\075\004\102\004\060\004\073\004\114\004\075\004\113\004\065\000\040\004\074\004\060\004\102\004\065\004\100\004\070\004\060\004\073\004\113}{appendix*.17}% 78
